Traceback (most recent call last):
  File "<frozen runpy>", line 198, in _run_module_as_main
  File "<frozen runpy>", line 88, in _run_code
  File "/Users/jazzmandarine/Documents/GitHub/global-oil-price-detector/.venv/lib/python3.13/site-packages/uvicorn/__main__.py", line 4, in <module>
    uvicorn.main()
    ~~~~~~~~~~~~^^
  File "/Users/jazzmandarine/Documents/GitHub/global-oil-price-detector/.venv/lib/python3.13/site-packages/click/core.py", line 1514, in __call__
    return self.main(*args, **kwargs)
           ~~~~~~~~~^^^^^^^^^^^^^^^^^
  File "/Users/jazzmandarine/Documents/GitHub/global-oil-price-detector/.venv/lib/python3.13/site-packages/click/core.py", line 1435, in main
    rv = self.invoke(ctx)
  File "/Users/jazzmandarine/Documents/GitHub/global-oil-price-detector/.venv/lib/python3.13/site-packages/click/core.py", line 1298, in invoke
    return ctx.invoke(self.callback, **ctx.params)
           ~~~~~~~~~~^^^^^^^^^^^^^^^^^^^^^^^^^^^^^
  File "/Users/jazzmandarine/Documents/GitHub/global-oil-price-detector/.venv/lib/python3.13/site-packages/click/core.py", line 853, in invoke
    return callback(*args, **kwargs)
  File "/Users/jazzmandarine/Documents/GitHub/global-oil-price-detector/.venv/lib/python3.13/site-packages/uvicorn/main.py", line 410, in main
    run(
    ~~~^
        app,
        ^^^^
    ...<45 lines>...
        h11_max_incomplete_event_size=h11_max_incomplete_event_size,
        ^^^^^^^^^^^^^^^^^^^^^^^^^^^^^^^^^^^^^^^^^^^^^^^^^^^^^^^^^^^^
    )
    ^
  File "/Users/jazzmandarine/Documents/GitHub/global-oil-price-detector/.venv/lib/python3.13/site-packages/uvicorn/main.py", line 577, in run
    server.run()
    ~~~~~~~~~~^^
  File "/Users/jazzmandarine/Documents/GitHub/global-oil-price-detector/.venv/lib/python3.13/site-packages/uvicorn/server.py", line 65, in run
    return asyncio.run(self.serve(sockets=sockets))
           ~~~~~~~~~~~^^^^^^^^^^^^^^^^^^^^^^^^^^^^^
  File "/opt/homebrew/Cellar/python@3.13/3.13.5/Frameworks/Python.framework/Versions/3.13/lib/python3.13/asyncio/runners.py", line 195, in run
    return runner.run(main)
           ~~~~~~~~~~^^^^^^
  File "/opt/homebrew/Cellar/python@3.13/3.13.5/Frameworks/Python.framework/Versions/3.13/lib/python3.13/asyncio/runners.py", line 118, in run
    return self._loop.run_until_complete(task)
           ~~~~~~~~~~~~~~~~~~~~~~~~~~~~~^^^^^^
  File "uvloop/loop.pyx", line 1518, in uvloop.loop.Loop.run_until_complete
  File "/Users/jazzmandarine/Documents/GitHub/global-oil-price-detector/.venv/lib/python3.13/site-packages/uvicorn/server.py", line 69, in serve
    await self._serve(sockets)
  File "/Users/jazzmandarine/Documents/GitHub/global-oil-price-detector/.venv/lib/python3.13/site-packages/uvicorn/server.py", line 76, in _serve
    config.load()
    ~~~~~~~~~~~^^
  File "/Users/jazzmandarine/Documents/GitHub/global-oil-price-detector/.venv/lib/python3.13/site-packages/uvicorn/config.py", line 434, in load
    self.loaded_app = import_from_string(self.app)
                      ~~~~~~~~~~~~~~~~~~^^^^^^^^^^
  File "/Users/jazzmandarine/Documents/GitHub/global-oil-price-detector/.venv/lib/python3.13/site-packages/uvicorn/importer.py", line 19, in import_from_string
    module = importlib.import_module(module_str)
  File "/opt/homebrew/Cellar/python@3.13/3.13.5/Frameworks/Python.framework/Versions/3.13/lib/python3.13/importlib/__init__.py", line 88, in import_module
    return _bootstrap._gcd_import(name[level:], package, level)
           ~~~~~~~~~~~~~~~~~~~~~~^^^^^^^^^^^^^^^^^^^^^^^^^^^^^^
  File "<frozen importlib._bootstrap>", line 1387, in _gcd_import
  File "<frozen importlib._bootstrap>", line 1360, in _find_and_load
  File "<frozen importlib._bootstrap>", line 1331, in _find_and_load_unlocked
  File "<frozen importlib._bootstrap>", line 935, in _load_unlocked
  File "<frozen importlib._bootstrap_external>", line 1026, in exec_module
  File "<frozen importlib._bootstrap>", line 488, in _call_with_frames_removed
  File "/Users/jazzmandarine/Documents/GitHub/global-oil-price-detector/backend/app/main.py", line 9, in <module>
    from app.api import prices, news, forecast, briefing
  File "/Users/jazzmandarine/Documents/GitHub/global-oil-price-detector/backend/app/api/forecast.py", line 10, in <module>
    from app.services.forecast_engine import HybridForecaster, ForecastEngine
  File "/Users/jazzmandarine/Documents/GitHub/global-oil-price-detector/backend/app/services/forecast_engine.py", line 12, in <module>
    import xgboost as xgb
  File "/Users/jazzmandarine/Documents/GitHub/global-oil-price-detector/.venv/lib/python3.13/site-packages/xgboost/__init__.py", line 6, in <module>
    from . import tracker  # noqa
    ^^^^^^^^^^^^^^^^^^^^^
  File "/Users/jazzmandarine/Documents/GitHub/global-oil-price-detector/.venv/lib/python3.13/site-packages/xgboost/tracker.py", line 9, in <module>
    from .core import _LIB, _check_call, make_jcargs
  File "/Users/jazzmandarine/Documents/GitHub/global-oil-price-detector/.venv/lib/python3.13/site-packages/xgboost/core.py", line 269, in <module>
    _LIB = _load_lib()
  File "/Users/jazzmandarine/Documents/GitHub/global-oil-price-detector/.venv/lib/python3.13/site-packages/xgboost/core.py", line 222, in _load_lib
            raise XGBoostError(
    ...<13 lines>...
            )
xgboost.core.XGBoostError: 
XGBoost Library (libxgboost.dylib) could not be loaded.
Likely causes:
  * OpenMP runtime is not installed
    - vcomp140.dll or libgomp-1.dll for Windows
    - libomp.dylib for Mac OSX
    - libgomp.so for Linux and other UNIX-like OSes
    Mac OSX users: Run `brew install libomp` to install OpenMP runtime.

  * You are running 32-bit Python on a 64-bit OS

Error message(s): ["dlopen(/Users/jazzmandarine/Documents/GitHub/global-oil-price-detector/.venv/lib/python3.13/site-packages/xgboost/lib/libxgboost.dylib, 0x0006): Library not loaded: @rpath/libomp.dylib\n  Referenced from: <B9202094-7D52-318C-99CF-7034B0E9F28D> /Users/jazzmandarine/Documents/GitHub/global-oil-price-detector/.venv/lib/python3.13/site-packages/xgboost/lib/libxgboost.dylib\n  Reason: tried: '/opt/homebrew/opt/libomp/lib/libomp.dylib' (no such file), '/System/Volumes/Preboot/Cryptexes/OS/opt/homebrew/opt/libomp/lib/libomp.dylib' (no such file), '/opt/homebrew/opt/libomp/lib/libomp.dylib' (no such file), '/System/Volumes/Preboot/Cryptexes/OS/opt/homebrew/opt/libomp/lib/libomp.dylib' (no such file), '/opt/homebrew/lib/libomp.dylib' (no such file), '/System/Volumes/Preboot/Cryptexes/OS/opt/homebrew/lib/libomp.dylib' (no such file), '/opt/homebrew/lib/libomp.dylib' (no such file), '/System/Volumes/Preboot/Cryptexes/OS/opt/homebrew/lib/libomp.dylib' (no such file)"]

